{"cpId": 1, "owner": "N702766", "expected": {"CSP": "Azure", "SOC3": "False"}}
{"cpId": 2, "owner": "F648724", "expected": {"SecureBoot": "False", "AntiMalwareCheck": "Passed"}}
{"cpId": 3, "owner": "E031494", "expected": {"CodeVersion": 1, "ConfigurationHash": 6528376}}
{"cpId": 4, "owner": "V077496", "expected": {"RecentlyPatched": "False", "LeastPrivilege": "True"}}
